# Aldec, Inc. Riviera-PRO version 2025.04.139.9738 built for Linux64 on May 30, 2025.
# HDL, SystemC, and Assertions simulator, debugger, and design environment.
# (c) 1999-2025 Aldec, Inc. All rights reserved.
transcript off
# off
# on
vlib work
# ALIB: Library "work" attached.
# work = /home/harish/AXI_CDMA/riviera/work/work.lib
vlib riviera/xpm
# ALIB: Library "xpm" attached.
# xpm = /home/harish/AXI_CDMA/riviera/riviera/xpm/xpm.lib
vlib riviera/axi_datamover_v5_1_37
# ALIB: Library "axi_datamover_v5_1_37" attached.
# axi_datamover_v5_1_37 = /home/harish/AXI_CDMA/riviera/riviera/axi_datamover_v5_1_37/axi_datamover_v5_1_37.lib
vlib riviera/axi_sg_v4_1_21
# ALIB: Library "axi_sg_v4_1_21" attached.
# axi_sg_v4_1_21 = /home/harish/AXI_CDMA/riviera/riviera/axi_sg_v4_1_21/axi_sg_v4_1_21.lib
vlib riviera/axi_cdma_v4_1_35
# ALIB: Library "axi_cdma_v4_1_35" attached.
# axi_cdma_v4_1_35 = /home/harish/AXI_CDMA/riviera/riviera/axi_cdma_v4_1_35/axi_cdma_v4_1_35.lib
vlib riviera/xil_defaultlib
# ALIB: Library "xil_defaultlib" attached.
# xil_defaultlib = /home/harish/AXI_CDMA/riviera/riviera/xil_defaultlib/xil_defaultlib.lib
vmap xpm riviera/xpm
# AMAP: Adding library mapping "xpm" to "/home/harish/AXI_CDMA/riviera/riviera/xpm/xpm.lib".
vmap axi_datamover_v5_1_37 riviera/axi_datamover_v5_1_37
# AMAP: Adding library mapping "axi_datamover_v5_1_37" to "/home/harish/AXI_CDMA/riviera/riviera/axi_datamover_v5_1_37/axi_datamover_v5_1_37.lib".
vmap axi_sg_v4_1_21 riviera/axi_sg_v4_1_21
# AMAP: Adding library mapping "axi_sg_v4_1_21" to "/home/harish/AXI_CDMA/riviera/riviera/axi_sg_v4_1_21/axi_sg_v4_1_21.lib".
vmap axi_cdma_v4_1_35 riviera/axi_cdma_v4_1_35
# AMAP: Adding library mapping "axi_cdma_v4_1_35" to "/home/harish/AXI_CDMA/riviera/riviera/axi_cdma_v4_1_35/axi_cdma_v4_1_35.lib".
vmap xil_defaultlib riviera/xil_defaultlib
# AMAP: Adding library mapping "xil_defaultlib" to "/home/harish/AXI_CDMA/riviera/riviera/xil_defaultlib/xil_defaultlib.lib".
vlog -work xpm  -incr "+incdir+../../../../../opt/xilinx/2025.1/data/rsb/busdef" -l xpm -l axi_datamover_v5_1_37 -l axi_sg_v4_1_21 -l axi_cdma_v4_1_35 -l xil_defaultlib \
"srcs/rtl/xpm/xpm_cdc.sv" \
"srcs/rtl/xpm/xpm_fifo.sv" \
"srcs/rtl/xpm/xpm_memory.sv" \

# ALOG: No recompilation needed because no relevant changes were detected in compiled files.
# ALOG: Compile success 0 Errors 0 Warnings  Analysis time: 1[s].
# ALOG: done
vcom -work xpm -93  -incr \
"srcs/rtl/xpm/xpm_VCOMP.vhd" \

# ACOM: Compile success 0 Errors 0 Warnings  Analysis time :  10.0 [ms]
vcom -work axi_datamover_v5_1_37 -93  -incr \
"srcs/sources_1/bd/design_1/ipshared/d44a/hdl/axi_datamover_v5_1_vh_rfs.vhd" \

# ACOM: Compile success 0 Errors 0 Warnings  Analysis time :  0.1 [s]
vcom -work axi_sg_v4_1_21 -93  -incr \
"srcs/sources_1/bd/design_1/ipshared/b193/hdl/axi_sg_v4_1_rfs.vhd" \

# ACOM: Compile success 0 Errors 0 Warnings  Analysis time :  90.0 [ms]
vcom -work axi_cdma_v4_1_35 -93  -incr \
"srcs/sources_1/bd/design_1/ipshared/ca70/hdl/axi_cdma_v4_1_vh_rfs.vhd" \

# ACOM: Compile success 0 Errors 0 Warnings  Analysis time :  50.0 [ms]
vcom -work xil_defaultlib -93  -incr \
"srcs/sources_1/bd/design_1/ip/design_1_axi_cdma_0_0/sim/design_1_axi_cdma_0_0.vhd" \

# ACOM: Compile success 0 Errors 0 Warnings  Analysis time :  30.0 [ms]
vlog -work xil_defaultlib  -incr -v2k5 "+incdir+../../../../../opt/xilinx/2025.1/data/rsb/busdef" -l xpm -l axi_datamover_v5_1_37 -l axi_sg_v4_1_21 -l axi_cdma_v4_1_35 -l xil_defaultlib \
"srcs/sources_1/bd/design_1/sim/design_1.v" \
"srcs/sources_1/bd/design_1/hdl/design_1_wrapper.v" \

# ALOG: No recompilation needed because no relevant changes were detected in compiled files.
# ALOG: Compile success 0 Errors 0 Warnings  Analysis time: 0[s].
# ALOG: done
vlog -work xil_defaultlib \
"glbl.v"
# ALOG: Unit top modules: glbl.
# ALOG: Compile success 0 Errors 0 Warnings  Analysis time: 0[s].
# ALOG: done
vlog -work xil_defaultlib -uvmver 1.2 -err VCP7803 W1 -err VCP2980 W1  -l xpm -l lib_pkg_v1_0_2 -l lib_srl_fifo_v1_0_2 -l fifo_generator_v13_2_8 -l lib_fifo_v1_0_17 -l lib_cdc_v1_0_2 -l axi_datamover_v5_1_30 -l axi_sg_v4_1_16 -l axi_cdma_v4_1_28 -l xil_defaultlib "../CDMA_TB/top/cdma_tb_top.sv"
# ALOG: Info: VCP2124 Package uvm_pkg found in library uvm_1_2.
# ALOG: Warning: VCP5010 /home/harish/AXI_CDMA/CDMA_TB/axi_slave/slave_intf.sv : (3, 29): Redefinition of the macro DATA_WIDTH.
# ALOG: Warning: VCP1003 /home/harish/AXI_CDMA/CDMA_TB/axi_slave/slave_driver.sv : (363, 1): End of multi-line comment (*/) expected at the end of file.
# ALOG: Warning: VCP2947 /home/harish/AXI_CDMA/CDMA_TB/common/virtual_sequencer.sv : (1, 47): Default parameter values used for class uvm_sequencer specialization.
# ALOG: Warning: VCP2947 /home/harish/AXI_CDMA/CDMA_TB/common/virtual_sequence.sv : (1, 50): Default parameter values used for class uvm_sequence specialization.
# ALOG: Warning: VCP2947 /home/harish/AXI_CDMA/CDMA_TB/top/ral_seq.sv : (1, 44): Default parameter values used for class uvm_sequence specialization.
# ALOG: Warning: VCP2947 /home/harish/AXI_CDMA/CDMA_TB/top/ral_seq.sv : (29, 45): Default parameter values used for class uvm_sequence specialization.
# ALOG: Warning: VCP2900 /home/harish/AXI_CDMA/CDMA_TB/axi_lite/master_seq_item.sv : (21, 1): Conditional expression 128>64 at 'if' statement is constant.
# ALOG: Warning: VCP2900 /home/harish/AXI_CDMA/CDMA_TB/axi_lite/master_seq_item.sv : (21, 1): Conditional expression 128>64 at 'if' statement is constant.
# ALOG: Warning: VCP2631 /home/harish/AXI_CDMA/CDMA_TB/top/cdma_tb_top.sv : (203, 35): Left index of part-select is out of range.
# ALOG: Warning: VCP2632 /home/harish/AXI_CDMA/CDMA_TB/top/cdma_tb_top.sv : (203, 35): Right index of part-select is out of range.
# ALOG: Warning: VCP2631 /home/harish/AXI_CDMA/CDMA_TB/top/cdma_tb_top.sv : (213, 45): Left index of part-select is out of range.
# ALOG: Warning: VCP2632 /home/harish/AXI_CDMA/CDMA_TB/top/cdma_tb_top.sv : (213, 45): Right index of part-select is out of range.
# ALOG: Warning: VCP2905 /home/harish/AXI_CDMA/CDMA_TB/cdma_reg_ral/reg_block_pkg.sv : (0, 0): Expression '0' yields a value that is a duplicate of another case item expression.
# ALOG: Unit top modules: top.
# ALOG: Compile success 0 Errors 13 Warnings  Analysis time: 13[s].
# ALOG: done
vsim +access +r +m+top +UVM_VERBOSITY=UVM_DEBUG +UVM_OBJECTION_TRACE -L unisims_ver -L unimacro_ver -L secureip -L xpm -L axi_datamover_v5_1_37 -L axi_sg_v4_1_21 -L axi_cdma_v4_1_35 -L xil_defaultlib -O0 xil_defaultlib.top xil_defaultlib.glbl -l sim_txt.log \
-do "add wave -rec -position insertpoint sim:/top/dut/*; run -all"
# SCRIPTER: Error: simulate.do : (10, 1): Incorrect syntax: vsim +access +r +m+top +UVM_VERBOSITY=UVM_DEBUG +UVM_OBJECTION_TRACE -L unisims_ver -L unimacro_ver -L secureip -L xpm -L axi_datamover_v5_1_37 -L axi_sg_v4_1_21 -L axi_cdma_v4_1_35 -L xil_defaultlib -O0 xil_defaultlib.top xil_defaultlib.glbl -l sim_txt.log -do "add wave -rec -position insertpoint sim:/top/dut/*; run -all-->"
# SCRIPTER: Error: simulate.do : (10, 1): Script execution terminated due to error(s).
